<?xml version="1.0"?>
<link_info>
   <banner>MSP430 Linker PC v15.12.3.LTS</banner>
   <copyright>Copyright (c) 2003-2015 Texas Instruments Incorporated</copyright>
   <link_time>0x5a2ad2fa</link_time>
   <link_errors>0x0</link_errors>
   <output_file>Alarm_Clock.out</output_file>
   <entry_point>
      <name>_c_int00_noargs_mpu</name>
      <address>0x4400</address>
   </entry_point>
   <input_file_list>
      <input_file id="fl-2">
         <path>.\</path>
         <kind>object</kind>
         <file>ble1_spi.obj</file>
         <name>ble1_spi.obj</name>
      </input_file>
      <input_file id="fl-3">
         <path>.\</path>
         <kind>object</kind>
         <file>led_spi.obj</file>
         <name>led_spi.obj</name>
      </input_file>
      <input_file id="fl-4">
         <path>.\</path>
         <kind>object</kind>
         <file>main.obj</file>
         <name>main.obj</name>
      </input_file>
      <input_file id="fl-2b">
         <path>C:\ti\ccsv6\tools\compiler\msp430_15.12.3.LTS\lib\</path>
         <kind>archive</kind>
         <file>rts430x_lc_rd_eabi.lib</file>
         <name>copy_decompress_none.obj</name>
      </input_file>
      <input_file id="fl-2c">
         <path>C:\ti\ccsv6\tools\compiler\msp430_15.12.3.LTS\lib\</path>
         <kind>archive</kind>
         <file>rts430x_lc_rd_eabi.lib</file>
         <name>copy_decompress_rle.obj</name>
      </input_file>
      <input_file id="fl-2d">
         <path>C:\ti\ccsv6\tools\compiler\msp430_15.12.3.LTS\lib\</path>
         <kind>archive</kind>
         <file>rts430x_lc_rd_eabi.lib</file>
         <name>int19.obj</name>
      </input_file>
      <input_file id="fl-2e">
         <path>C:\ti\ccsv6\tools\compiler\msp430_15.12.3.LTS\lib\</path>
         <kind>archive</kind>
         <file>rts430x_lc_rd_eabi.lib</file>
         <name>isr_trap.obj</name>
      </input_file>
      <input_file id="fl-2f">
         <path>C:\ti\ccsv6\tools\compiler\msp430_15.12.3.LTS\lib\</path>
         <kind>archive</kind>
         <file>rts430x_lc_rd_eabi.lib</file>
         <name>int20.obj</name>
      </input_file>
      <input_file id="fl-30">
         <path>C:\ti\ccsv6\tools\compiler\msp430_15.12.3.LTS\lib\</path>
         <kind>archive</kind>
         <file>rts430x_lc_rd_eabi.lib</file>
         <name>int21.obj</name>
      </input_file>
      <input_file id="fl-31">
         <path>C:\ti\ccsv6\tools\compiler\msp430_15.12.3.LTS\lib\</path>
         <kind>archive</kind>
         <file>rts430x_lc_rd_eabi.lib</file>
         <name>int22.obj</name>
      </input_file>
      <input_file id="fl-32">
         <path>C:\ti\ccsv6\tools\compiler\msp430_15.12.3.LTS\lib\</path>
         <kind>archive</kind>
         <file>rts430x_lc_rd_eabi.lib</file>
         <name>int23.obj</name>
      </input_file>
      <input_file id="fl-33">
         <path>C:\ti\ccsv6\tools\compiler\msp430_15.12.3.LTS\lib\</path>
         <kind>archive</kind>
         <file>rts430x_lc_rd_eabi.lib</file>
         <name>int24.obj</name>
      </input_file>
      <input_file id="fl-34">
         <path>C:\ti\ccsv6\tools\compiler\msp430_15.12.3.LTS\lib\</path>
         <kind>archive</kind>
         <file>rts430x_lc_rd_eabi.lib</file>
         <name>int25.obj</name>
      </input_file>
      <input_file id="fl-35">
         <path>C:\ti\ccsv6\tools\compiler\msp430_15.12.3.LTS\lib\</path>
         <kind>archive</kind>
         <file>rts430x_lc_rd_eabi.lib</file>
         <name>int26.obj</name>
      </input_file>
      <input_file id="fl-36">
         <path>C:\ti\ccsv6\tools\compiler\msp430_15.12.3.LTS\lib\</path>
         <kind>archive</kind>
         <file>rts430x_lc_rd_eabi.lib</file>
         <name>int27.obj</name>
      </input_file>
      <input_file id="fl-37">
         <path>C:\ti\ccsv6\tools\compiler\msp430_15.12.3.LTS\lib\</path>
         <kind>archive</kind>
         <file>rts430x_lc_rd_eabi.lib</file>
         <name>int28.obj</name>
      </input_file>
      <input_file id="fl-38">
         <path>C:\ti\ccsv6\tools\compiler\msp430_15.12.3.LTS\lib\</path>
         <kind>archive</kind>
         <file>rts430x_lc_rd_eabi.lib</file>
         <name>int29.obj</name>
      </input_file>
      <input_file id="fl-39">
         <path>C:\ti\ccsv6\tools\compiler\msp430_15.12.3.LTS\lib\</path>
         <kind>archive</kind>
         <file>rts430x_lc_rd_eabi.lib</file>
         <name>int30.obj</name>
      </input_file>
      <input_file id="fl-3a">
         <path>C:\ti\ccsv6\tools\compiler\msp430_15.12.3.LTS\lib\</path>
         <kind>archive</kind>
         <file>rts430x_lc_rd_eabi.lib</file>
         <name>int31.obj</name>
      </input_file>
      <input_file id="fl-3b">
         <path>C:\ti\ccsv6\tools\compiler\msp430_15.12.3.LTS\lib\</path>
         <kind>archive</kind>
         <file>rts430x_lc_rd_eabi.lib</file>
         <name>int32.obj</name>
      </input_file>
      <input_file id="fl-3c">
         <path>C:\ti\ccsv6\tools\compiler\msp430_15.12.3.LTS\lib\</path>
         <kind>archive</kind>
         <file>rts430x_lc_rd_eabi.lib</file>
         <name>int33.obj</name>
      </input_file>
      <input_file id="fl-3d">
         <path>C:\ti\ccsv6\tools\compiler\msp430_15.12.3.LTS\lib\</path>
         <kind>archive</kind>
         <file>rts430x_lc_rd_eabi.lib</file>
         <name>int34.obj</name>
      </input_file>
      <input_file id="fl-3e">
         <path>C:\ti\ccsv6\tools\compiler\msp430_15.12.3.LTS\lib\</path>
         <kind>archive</kind>
         <file>rts430x_lc_rd_eabi.lib</file>
         <name>int35.obj</name>
      </input_file>
      <input_file id="fl-3f">
         <path>C:\ti\ccsv6\tools\compiler\msp430_15.12.3.LTS\lib\</path>
         <kind>archive</kind>
         <file>rts430x_lc_rd_eabi.lib</file>
         <name>int36.obj</name>
      </input_file>
      <input_file id="fl-40">
         <path>C:\ti\ccsv6\tools\compiler\msp430_15.12.3.LTS\lib\</path>
         <kind>archive</kind>
         <file>rts430x_lc_rd_eabi.lib</file>
         <name>int37.obj</name>
      </input_file>
      <input_file id="fl-41">
         <path>C:\ti\ccsv6\tools\compiler\msp430_15.12.3.LTS\lib\</path>
         <kind>archive</kind>
         <file>rts430x_lc_rd_eabi.lib</file>
         <name>int38.obj</name>
      </input_file>
      <input_file id="fl-42">
         <path>C:\ti\ccsv6\tools\compiler\msp430_15.12.3.LTS\lib\</path>
         <kind>archive</kind>
         <file>rts430x_lc_rd_eabi.lib</file>
         <name>int39.obj</name>
      </input_file>
      <input_file id="fl-43">
         <path>C:\ti\ccsv6\tools\compiler\msp430_15.12.3.LTS\lib\</path>
         <kind>archive</kind>
         <file>rts430x_lc_rd_eabi.lib</file>
         <name>int40.obj</name>
      </input_file>
      <input_file id="fl-44">
         <path>C:\ti\ccsv6\tools\compiler\msp430_15.12.3.LTS\lib\</path>
         <kind>archive</kind>
         <file>rts430x_lc_rd_eabi.lib</file>
         <name>int41.obj</name>
      </input_file>
      <input_file id="fl-45">
         <path>C:\ti\ccsv6\tools\compiler\msp430_15.12.3.LTS\lib\</path>
         <kind>archive</kind>
         <file>rts430x_lc_rd_eabi.lib</file>
         <name>int42.obj</name>
      </input_file>
      <input_file id="fl-46">
         <path>C:\ti\ccsv6\tools\compiler\msp430_15.12.3.LTS\lib\</path>
         <kind>archive</kind>
         <file>rts430x_lc_rd_eabi.lib</file>
         <name>int43.obj</name>
      </input_file>
      <input_file id="fl-47">
         <path>C:\ti\ccsv6\tools\compiler\msp430_15.12.3.LTS\lib\</path>
         <kind>archive</kind>
         <file>rts430x_lc_rd_eabi.lib</file>
         <name>int44.obj</name>
      </input_file>
      <input_file id="fl-48">
         <path>C:\ti\ccsv6\tools\compiler\msp430_15.12.3.LTS\lib\</path>
         <kind>archive</kind>
         <file>rts430x_lc_rd_eabi.lib</file>
         <name>int45.obj</name>
      </input_file>
      <input_file id="fl-49">
         <path>C:\ti\ccsv6\tools\compiler\msp430_15.12.3.LTS\lib\</path>
         <kind>archive</kind>
         <file>rts430x_lc_rd_eabi.lib</file>
         <name>int46.obj</name>
      </input_file>
      <input_file id="fl-4a">
         <path>C:\ti\ccsv6\tools\compiler\msp430_15.12.3.LTS\lib\</path>
         <kind>archive</kind>
         <file>rts430x_lc_rd_eabi.lib</file>
         <name>int47.obj</name>
      </input_file>
      <input_file id="fl-4b">
         <path>C:\ti\ccsv6\tools\compiler\msp430_15.12.3.LTS\lib\</path>
         <kind>archive</kind>
         <file>rts430x_lc_rd_eabi.lib</file>
         <name>int48.obj</name>
      </input_file>
      <input_file id="fl-4c">
         <path>C:\ti\ccsv6\tools\compiler\msp430_15.12.3.LTS\lib\</path>
         <kind>archive</kind>
         <file>rts430x_lc_rd_eabi.lib</file>
         <name>int49.obj</name>
      </input_file>
      <input_file id="fl-4d">
         <path>C:\ti\ccsv6\tools\compiler\msp430_15.12.3.LTS\lib\</path>
         <kind>archive</kind>
         <file>rts430x_lc_rd_eabi.lib</file>
         <name>int50.obj</name>
      </input_file>
      <input_file id="fl-4e">
         <path>C:\ti\ccsv6\tools\compiler\msp430_15.12.3.LTS\lib\</path>
         <kind>archive</kind>
         <file>rts430x_lc_rd_eabi.lib</file>
         <name>int51.obj</name>
      </input_file>
      <input_file id="fl-4f">
         <path>C:\ti\ccsv6\tools\compiler\msp430_15.12.3.LTS\lib\</path>
         <kind>archive</kind>
         <file>rts430x_lc_rd_eabi.lib</file>
         <name>int52.obj</name>
      </input_file>
      <input_file id="fl-50">
         <path>C:\ti\ccsv6\tools\compiler\msp430_15.12.3.LTS\lib\</path>
         <kind>archive</kind>
         <file>rts430x_lc_rd_eabi.lib</file>
         <name>int53.obj</name>
      </input_file>
      <input_file id="fl-51">
         <path>C:\ti\ccsv6\tools\compiler\msp430_15.12.3.LTS\lib\</path>
         <kind>archive</kind>
         <file>rts430x_lc_rd_eabi.lib</file>
         <name>int54.obj</name>
      </input_file>
      <input_file id="fl-52">
         <path>C:\ti\ccsv6\tools\compiler\msp430_15.12.3.LTS\lib\</path>
         <kind>archive</kind>
         <file>rts430x_lc_rd_eabi.lib</file>
         <name>copy_zero_init.obj</name>
      </input_file>
      <input_file id="fl-53">
         <path>C:\ti\ccsv6\tools\compiler\msp430_15.12.3.LTS\lib\</path>
         <kind>archive</kind>
         <file>rts430x_lc_rd_eabi.lib</file>
         <name>mult16.obj</name>
      </input_file>
      <input_file id="fl-54">
         <path>C:\ti\ccsv6\tools\compiler\msp430_15.12.3.LTS\lib\</path>
         <kind>archive</kind>
         <file>rts430x_lc_rd_eabi.lib</file>
         <name>mult16_f5hw.obj</name>
      </input_file>
      <input_file id="fl-55">
         <path>C:\ti\ccsv6\tools\compiler\msp430_15.12.3.LTS\lib\</path>
         <kind>archive</kind>
         <file>rts430x_lc_rd_eabi.lib</file>
         <name>mult32_f5hw.obj</name>
      </input_file>
      <input_file id="fl-56">
         <path>C:\ti\ccsv6\tools\compiler\msp430_15.12.3.LTS\lib\</path>
         <kind>archive</kind>
         <file>rts430x_lc_rd_eabi.lib</file>
         <name>mult64_f5hw.obj</name>
      </input_file>
      <input_file id="fl-57">
         <path>C:\ti\ccsv6\tools\compiler\msp430_15.12.3.LTS\lib\</path>
         <kind>archive</kind>
         <file>rts430x_lc_rd_eabi.lib</file>
         <name>mult1632_f5hw.obj</name>
      </input_file>
      <input_file id="fl-58">
         <path>C:\ti\ccsv6\tools\compiler\msp430_15.12.3.LTS\lib\</path>
         <kind>archive</kind>
         <file>rts430x_lc_rd_eabi.lib</file>
         <name>mult3264_f5hw.obj</name>
      </input_file>
      <input_file id="fl-59">
         <path>C:\ti\ccsv6\tools\compiler\msp430_15.12.3.LTS\lib\</path>
         <kind>archive</kind>
         <file>rts430x_lc_rd_eabi.lib</file>
         <name>lsl16.obj</name>
      </input_file>
      <input_file id="fl-5a">
         <path>C:\ti\ccsv6\tools\compiler\msp430_15.12.3.LTS\lib\</path>
         <kind>archive</kind>
         <file>rts430x_lc_rd_eabi.lib</file>
         <name>vla_alloc.obj</name>
      </input_file>
      <input_file id="fl-5b">
         <path>C:\ti\ccsv6\tools\compiler\msp430_15.12.3.LTS\lib\</path>
         <kind>archive</kind>
         <file>rts430x_lc_rd_eabi.lib</file>
         <name>error.obj</name>
      </input_file>
      <input_file id="fl-5c">
         <path>C:\ti\ccsv6\tools\compiler\msp430_15.12.3.LTS\lib\</path>
         <kind>archive</kind>
         <file>rts430x_lc_rd_eabi.lib</file>
         <name>boot.obj</name>
      </input_file>
      <input_file id="fl-5d">
         <path>C:\ti\ccsv6\tools\compiler\msp430_15.12.3.LTS\lib\</path>
         <kind>archive</kind>
         <file>rts430x_lc_rd_eabi.lib</file>
         <name>args_main.obj</name>
      </input_file>
      <input_file id="fl-5e">
         <path>C:\ti\ccsv6\tools\compiler\msp430_15.12.3.LTS\lib\</path>
         <kind>archive</kind>
         <file>rts430x_lc_rd_eabi.lib</file>
         <name>autoinit_wdt.obj</name>
      </input_file>
      <input_file id="fl-5f">
         <path>C:\ti\ccsv6\tools\compiler\msp430_15.12.3.LTS\lib\</path>
         <kind>archive</kind>
         <file>rts430x_lc_rd_eabi.lib</file>
         <name>boot_special.obj</name>
      </input_file>
      <input_file id="fl-60">
         <path>C:\ti\ccsv6\ccs_base\msp430\lib\FR59xx\</path>
         <kind>archive</kind>
         <file>MSPMPU_INIT_LIB_CCS_msp430_large_code_restricted_data.lib</file>
         <name>mpu_init.o</name>
      </input_file>
      <input_file id="fl-61">
         <path>C:\ti\ccsv6\tools\compiler\msp430_15.12.3.LTS\lib\</path>
         <kind>archive</kind>
         <file>rts430x_lc_rd_eabi.lib</file>
         <name>defs.obj</name>
      </input_file>
      <input_file id="fl-62">
         <path>C:\ti\ccsv6\tools\compiler\msp430_15.12.3.LTS\lib\</path>
         <kind>archive</kind>
         <file>rts430x_lc_rd_eabi.lib</file>
         <name>startup.obj</name>
      </input_file>
      <input_file id="fl-63">
         <path>C:\ti\ccsv6\tools\compiler\msp430_15.12.3.LTS\lib\</path>
         <kind>archive</kind>
         <file>rts430x_lc_rd_eabi.lib</file>
         <name>pre_init.obj</name>
      </input_file>
      <input_file id="fl-64">
         <path>C:\ti\ccsv6\tools\compiler\msp430_15.12.3.LTS\lib\</path>
         <kind>archive</kind>
         <file>rts430x_lc_rd_eabi.lib</file>
         <name>exit.obj</name>
      </input_file>
      <input_file id="fl-65">
         <path>C:\ti\ccsv6\tools\compiler\msp430_15.12.3.LTS\lib\</path>
         <kind>archive</kind>
         <file>rts430x_lc_rd_eabi.lib</file>
         <name>exit_gvars.obj</name>
      </input_file>
      <input_file id="fl-66">
         <path>C:\ti\ccsv6\tools\compiler\msp430_15.12.3.LTS\lib\</path>
         <kind>archive</kind>
         <file>rts430x_lc_rd_eabi.lib</file>
         <name>_lock.obj</name>
      </input_file>
      <input_file id="fl-67">
         <path>C:\ti\ccsv6\tools\compiler\msp430_15.12.3.LTS\lib\</path>
         <kind>archive</kind>
         <file>rts430x_lc_rd_eabi.lib</file>
         <name>cpy_tbl.obj</name>
      </input_file>
      <input_file id="fl-68">
         <path>C:\ti\ccsv6\tools\compiler\msp430_15.12.3.LTS\lib\</path>
         <kind>archive</kind>
         <file>rts430x_lc_rd_eabi.lib</file>
         <name>fprintf.obj</name>
      </input_file>
      <input_file id="fl-69">
         <path>C:\ti\ccsv6\tools\compiler\msp430_15.12.3.LTS\lib\</path>
         <kind>archive</kind>
         <file>rts430x_lc_rd_eabi.lib</file>
         <name>_printfi_min.obj</name>
      </input_file>
      <input_file id="fl-6a">
         <path>C:\ti\ccsv6\tools\compiler\msp430_15.12.3.LTS\lib\</path>
         <kind>archive</kind>
         <file>rts430x_lc_rd_eabi.lib</file>
         <name>div16u.obj</name>
      </input_file>
      <input_file id="fl-6b">
         <path>C:\ti\ccsv6\tools\compiler\msp430_15.12.3.LTS\lib\</path>
         <kind>archive</kind>
         <file>rts430x_lc_rd_eabi.lib</file>
         <name>lsr64.obj</name>
      </input_file>
      <input_file id="fl-6c">
         <path>C:\ti\ccsv6\tools\compiler\msp430_15.12.3.LTS\lib\</path>
         <kind>archive</kind>
         <file>rts430x_lc_rd_eabi.lib</file>
         <name>fputc.obj</name>
      </input_file>
      <input_file id="fl-6d">
         <path>C:\ti\ccsv6\tools\compiler\msp430_15.12.3.LTS\lib\</path>
         <kind>archive</kind>
         <file>rts430x_lc_rd_eabi.lib</file>
         <name>fflush.obj</name>
      </input_file>
      <input_file id="fl-6e">
         <path>C:\ti\ccsv6\tools\compiler\msp430_15.12.3.LTS\lib\</path>
         <kind>archive</kind>
         <file>rts430x_lc_rd_eabi.lib</file>
         <name>_io_perm.obj</name>
      </input_file>
      <input_file id="fl-6f">
         <path>C:\ti\ccsv6\tools\compiler\msp430_15.12.3.LTS\lib\</path>
         <kind>archive</kind>
         <file>rts430x_lc_rd_eabi.lib</file>
         <name>fputs.obj</name>
      </input_file>
      <input_file id="fl-70">
         <path>C:\ti\ccsv6\tools\compiler\msp430_15.12.3.LTS\lib\</path>
         <kind>archive</kind>
         <file>rts430x_lc_rd_eabi.lib</file>
         <name>memory.obj</name>
      </input_file>
      <input_file id="fl-71">
         <path>C:\ti\ccsv6\tools\compiler\msp430_15.12.3.LTS\lib\</path>
         <kind>archive</kind>
         <file>rts430x_lc_rd_eabi.lib</file>
         <name>fseek.obj</name>
      </input_file>
      <input_file id="fl-72">
         <path>C:\ti\ccsv6\tools\compiler\msp430_15.12.3.LTS\lib\</path>
         <kind>archive</kind>
         <file>rts430x_lc_rd_eabi.lib</file>
         <name>lowlev.obj</name>
      </input_file>
      <input_file id="fl-73">
         <path>C:\ti\ccsv6\tools\compiler\msp430_15.12.3.LTS\lib\</path>
         <kind>archive</kind>
         <file>rts430x_lc_rd_eabi.lib</file>
         <name>trgdrv.obj</name>
      </input_file>
      <input_file id="fl-74">
         <path>C:\ti\ccsv6\tools\compiler\msp430_15.12.3.LTS\lib\</path>
         <kind>archive</kind>
         <file>rts430x_lc_rd_eabi.lib</file>
         <name>trgmsg.obj</name>
      </input_file>
      <input_file id="fl-75">
         <path>C:\ti\ccsv6\tools\compiler\msp430_15.12.3.LTS\lib\</path>
         <kind>archive</kind>
         <file>rts430x_lc_rd_eabi.lib</file>
         <name>div16s.obj</name>
      </input_file>
      <input_file id="fl-76">
         <path>C:\ti\ccsv6\tools\compiler\msp430_15.12.3.LTS\lib\</path>
         <kind>archive</kind>
         <file>rts430x_lc_rd_eabi.lib</file>
         <name>lsl32.obj</name>
      </input_file>
      <input_file id="fl-77">
         <path>C:\ti\ccsv6\tools\compiler\msp430_15.12.3.LTS\lib\</path>
         <kind>archive</kind>
         <file>rts430x_lc_rd_eabi.lib</file>
         <name>asr32.obj</name>
      </input_file>
      <input_file id="fl-78">
         <path>C:\ti\ccsv6\tools\compiler\msp430_15.12.3.LTS\lib\</path>
         <kind>archive</kind>
         <file>rts430x_lc_rd_eabi.lib</file>
         <name>memccpy.obj</name>
      </input_file>
      <input_file id="fl-79">
         <path>C:\ti\ccsv6\tools\compiler\msp430_15.12.3.LTS\lib\</path>
         <kind>archive</kind>
         <file>rts430x_lc_rd_eabi.lib</file>
         <name>memchr.obj</name>
      </input_file>
      <input_file id="fl-7a">
         <path>C:\ti\ccsv6\tools\compiler\msp430_15.12.3.LTS\lib\</path>
         <kind>archive</kind>
         <file>rts430x_lc_rd_eabi.lib</file>
         <name>memcpy.obj</name>
      </input_file>
      <input_file id="fl-7b">
         <path>C:\ti\ccsv6\tools\compiler\msp430_15.12.3.LTS\lib\</path>
         <kind>archive</kind>
         <file>rts430x_lc_rd_eabi.lib</file>
         <name>memset.obj</name>
      </input_file>
      <input_file id="fl-7c">
         <path>C:\ti\ccsv6\tools\compiler\msp430_15.12.3.LTS\lib\</path>
         <kind>archive</kind>
         <file>rts430x_lc_rd_eabi.lib</file>
         <name>setvbuf.obj</name>
      </input_file>
      <input_file id="fl-7d">
         <path>C:\ti\ccsv6\tools\compiler\msp430_15.12.3.LTS\lib\</path>
         <kind>archive</kind>
         <file>rts430x_lc_rd_eabi.lib</file>
         <name>fopen.obj</name>
      </input_file>
      <input_file id="fl-7e">
         <path>C:\ti\ccsv6\tools\compiler\msp430_15.12.3.LTS\lib\</path>
         <kind>archive</kind>
         <file>rts430x_lc_rd_eabi.lib</file>
         <name>fclose.obj</name>
      </input_file>
      <input_file id="fl-7f">
         <path>C:\ti\ccsv6\tools\compiler\msp430_15.12.3.LTS\lib\</path>
         <kind>archive</kind>
         <file>rts430x_lc_rd_eabi.lib</file>
         <name>remove.obj</name>
      </input_file>
      <input_file id="fl-80">
         <path>C:\ti\ccsv6\tools\compiler\msp430_15.12.3.LTS\lib\</path>
         <kind>archive</kind>
         <file>rts430x_lc_rd_eabi.lib</file>
         <name>strchr.obj</name>
      </input_file>
      <input_file id="fl-81">
         <path>C:\ti\ccsv6\tools\compiler\msp430_15.12.3.LTS\lib\</path>
         <kind>archive</kind>
         <file>rts430x_lc_rd_eabi.lib</file>
         <name>strcmp.obj</name>
      </input_file>
      <input_file id="fl-82">
         <path>C:\ti\ccsv6\tools\compiler\msp430_15.12.3.LTS\lib\</path>
         <kind>archive</kind>
         <file>rts430x_lc_rd_eabi.lib</file>
         <name>strcpy.obj</name>
      </input_file>
      <input_file id="fl-83">
         <path>C:\ti\ccsv6\tools\compiler\msp430_15.12.3.LTS\lib\</path>
         <kind>archive</kind>
         <file>rts430x_lc_rd_eabi.lib</file>
         <name>strlen.obj</name>
      </input_file>
      <input_file id="fl-84">
         <path>C:\ti\ccsv6\tools\compiler\msp430_15.12.3.LTS\lib\</path>
         <kind>archive</kind>
         <file>rts430x_lc_rd_eabi.lib</file>
         <name>strncpy.obj</name>
      </input_file>
   </input_file_list>
   <object_component_list>
      <object_component id="oc-9ac">
         <name>.cio</name>
         <uninitialized>true</uninitialized>
         <run_address>0x4000</run_address>
         <size>0x120</size>
         <input_file_ref idref="fl-74"/>
      </object_component>
      <object_component id="oc-69c">
         <name>.sysmem</name>
         <uninitialized>true</uninitialized>
         <run_address>0x4120</run_address>
         <size>0x6</size>
         <input_file_ref idref="fl-70"/>
      </object_component>
      <object_component id="oc-a50">
         <name>.sysmem</name>
         <uninitialized>true</uninitialized>
         <run_address>0x4120</run_address>
         <size>0x0</size>
      </object_component>
      <object_component id="oc-a4e">
         <name>.cinit..data.load</name>
         <load_address>0x4472</load_address>
         <run_address>0x4472</run_address>
         <size>0x5a</size>
      </object_component>
      <object_component id="oc-a4d">
         <name>.cinit..bss.load</name>
         <load_address>0x44cc</load_address>
         <run_address>0x44cc</run_address>
         <size>0x9</size>
      </object_component>
      <object_component id="oc-a4b">
         <name>__TI_handler_table</name>
         <load_address>0x44d6</load_address>
         <run_address>0x44d6</run_address>
         <size>0x8</size>
      </object_component>
      <object_component id="oc-a4c">
         <name>__TI_cinit_table</name>
         <load_address>0x44de</load_address>
         <run_address>0x44de</run_address>
         <size>0x10</size>
      </object_component>
      <object_component id="oc-9e4">
         <name>.binit</name>
         <load_address>0x4000</load_address>
         <run_address>0x4000</run_address>
         <size>0x0</size>
      </object_component>
      <object_component id="oc-c9">
         <name>.text:_isr:_c_int00_noargs_mpu</name>
         <load_address>0x4400</load_address>
         <run_address>0x4400</run_address>
         <size>0x20</size>
         <input_file_ref idref="fl-5f"/>
      </object_component>
      <object_component id="oc-6b9">
         <name>.text:_isr:__TI_ISR_TRAP</name>
         <load_address>0x4420</load_address>
         <run_address>0x4420</run_address>
         <size>0x8</size>
         <input_file_ref idref="fl-2e"/>
      </object_component>
      <object_component id="oc-813">
         <name>.const:.string</name>
         <load_address>0x4428</load_address>
         <run_address>0x4428</run_address>
         <size>0x36</size>
         <input_file_ref idref="fl-5a"/>
      </object_component>
      <object_component id="oc-8be">
         <name>.const:.string</name>
         <load_address>0x445e</load_address>
         <run_address>0x445e</run_address>
         <size>0x14</size>
         <input_file_ref idref="fl-69"/>
      </object_component>
      <object_component id="oc-7af">
         <name>.text:parseData</name>
         <load_address>0x10000</load_address>
         <run_address>0x10000</run_address>
         <size>0x240</size>
         <input_file_ref idref="fl-4"/>
      </object_component>
      <object_component id="oc-7a9">
         <name>.text:__vla_alloc</name>
         <load_address>0x10240</load_address>
         <run_address>0x10240</run_address>
         <size>0x216</size>
         <input_file_ref idref="fl-5a"/>
      </object_component>
      <object_component id="oc-7f3">
         <name>.text:realloc</name>
         <load_address>0x10456</load_address>
         <run_address>0x10456</run_address>
         <size>0x144</size>
         <input_file_ref idref="fl-70"/>
      </object_component>
      <object_component id="oc-886">
         <name>.text:_setfield</name>
         <load_address>0x1059a</load_address>
         <run_address>0x1059a</run_address>
         <size>0x132</size>
         <input_file_ref idref="fl-69"/>
      </object_component>
      <object_component id="oc-872">
         <name>.text:fputs</name>
         <load_address>0x106cc</load_address>
         <run_address>0x106cc</run_address>
         <size>0xf0</size>
         <input_file_ref idref="fl-6f"/>
      </object_component>
      <object_component id="oc-8da">
         <name>.text:setvbuf</name>
         <load_address>0x107bc</load_address>
         <run_address>0x107bc</run_address>
         <size>0xe0</size>
         <input_file_ref idref="fl-7c"/>
      </object_component>
      <object_component id="oc-8bf">
         <name>.text:_pproc_diouxp</name>
         <load_address>0x1089c</load_address>
         <run_address>0x1089c</run_address>
         <size>0xd8</size>
         <input_file_ref idref="fl-69"/>
      </object_component>
      <object_component id="oc-85c">
         <name>.text:__TI_printfi_minimal</name>
         <load_address>0x10974</load_address>
         <run_address>0x10974</run_address>
         <size>0xd2</size>
         <input_file_ref idref="fl-69"/>
      </object_component>
      <object_component id="oc-7b5">
         <name>.text:__vla_dealloc</name>
         <load_address>0x10a46</load_address>
         <run_address>0x10a46</run_address>
         <size>0xc6</size>
         <input_file_ref idref="fl-5a"/>
      </object_component>
      <object_component id="oc-7e7">
         <name>.text:malloc</name>
         <load_address>0x10b0c</load_address>
         <run_address>0x10b0c</run_address>
         <size>0xba</size>
         <input_file_ref idref="fl-70"/>
      </object_component>
      <object_component id="oc-954">
         <name>.text:HOSTlseek</name>
         <load_address>0x10bc6</load_address>
         <run_address>0x10bc6</run_address>
         <size>0xb4</size>
         <input_file_ref idref="fl-73"/>
      </object_component>
      <object_component id="oc-7ed">
         <name>.text:_Z21free_dead_allocationsPv</name>
         <load_address>0x10c7a</load_address>
         <run_address>0x10c7a</run_address>
         <size>0xa8</size>
         <input_file_ref idref="fl-5a"/>
      </object_component>
      <object_component id="oc-879">
         <name>.text:fputc</name>
         <load_address>0x10d22</load_address>
         <run_address>0x10d22</run_address>
         <size>0x90</size>
         <input_file_ref idref="fl-6c"/>
      </object_component>
      <object_component id="oc-80d">
         <name>.text:free</name>
         <load_address>0x10db2</load_address>
         <run_address>0x10db2</run_address>
         <size>0x8e</size>
         <input_file_ref idref="fl-70"/>
      </object_component>
      <object_component id="oc-6cb">
         <name>.text:_auto_init_hold_wdt</name>
         <load_address>0x10e40</load_address>
         <run_address>0x10e40</run_address>
         <size>0x82</size>
         <input_file_ref idref="fl-5e"/>
      </object_component>
      <object_component id="oc-8a0">
         <name>.text:__TI_wrt_ok</name>
         <load_address>0x10ec2</load_address>
         <run_address>0x10ec2</run_address>
         <size>0x7e</size>
         <input_file_ref idref="fl-6e"/>
      </object_component>
      <object_component id="oc-960">
         <name>.text:HOSTrename</name>
         <load_address>0x10f40</load_address>
         <run_address>0x10f40</run_address>
         <size>0x74</size>
         <input_file_ref idref="fl-73"/>
      </object_component>
      <object_component id="oc-6e5">
         <name>.text:main</name>
         <load_address>0x10fb4</load_address>
         <run_address>0x10fb4</run_address>
         <size>0x72</size>
         <input_file_ref idref="fl-4"/>
      </object_component>
      <object_component id="oc-93c">
         <name>.text:HOSTopen</name>
         <load_address>0x11026</load_address>
         <run_address>0x11026</run_address>
         <size>0x70</size>
         <input_file_ref idref="fl-73"/>
      </object_component>
      <object_component id="oc-930">
         <name>.text:__TI_closefile</name>
         <load_address>0x11096</load_address>
         <run_address>0x11096</run_address>
         <size>0x70</size>
         <input_file_ref idref="fl-7e"/>
      </object_component>
      <object_component id="oc-94e">
         <name>.text:HOSTwrite</name>
         <load_address>0x11106</load_address>
         <run_address>0x11106</run_address>
         <size>0x6c</size>
         <input_file_ref idref="fl-73"/>
      </object_component>
      <object_component id="oc-948">
         <name>.text:HOSTread</name>
         <load_address>0x11172</load_address>
         <run_address>0x11172</run_address>
         <size>0x6a</size>
         <input_file_ref idref="fl-73"/>
      </object_component>
      <object_component id="oc-8d4">
         <name>.text:fseek</name>
         <load_address>0x111dc</load_address>
         <run_address>0x111dc</run_address>
         <size>0x6a</size>
         <input_file_ref idref="fl-71"/>
      </object_component>
      <object_component id="oc-6ac">
         <name>.text:__TI_decompress_rle_core</name>
         <load_address>0x11246</load_address>
         <run_address>0x11246</run_address>
         <size>0x68</size>
         <input_file_ref idref="fl-2c"/>
      </object_component>
      <object_component id="oc-718">
         <name>.text:copy_in</name>
         <load_address>0x112ae</load_address>
         <run_address>0x112ae</run_address>
         <size>0x66</size>
         <input_file_ref idref="fl-67"/>
      </object_component>
      <object_component id="oc-8ac">
         <name>.text:__TI_doflush</name>
         <load_address>0x11314</load_address>
         <run_address>0x11314</run_address>
         <size>0x64</size>
         <input_file_ref idref="fl-6d"/>
      </object_component>
      <object_component id="oc-757">
         <name>.text:phoneInteract</name>
         <load_address>0x11378</load_address>
         <run_address>0x11378</run_address>
         <size>0x5c</size>
         <input_file_ref idref="fl-4"/>
      </object_component>
      <object_component id="oc-968">
         <name>.text:close</name>
         <load_address>0x113d4</load_address>
         <run_address>0x113d4</run_address>
         <size>0x5a</size>
         <input_file_ref idref="fl-72"/>
      </object_component>
      <object_component id="oc-9a1">
         <name>.text:getdevice</name>
         <load_address>0x1142e</load_address>
         <run_address>0x1142e</run_address>
         <size>0x5a</size>
         <input_file_ref idref="fl-72"/>
      </object_component>
      <object_component id="oc-817">
         <name>.text:fprintf</name>
         <load_address>0x11488</load_address>
         <run_address>0x11488</run_address>
         <size>0x50</size>
         <input_file_ref idref="fl-68"/>
      </object_component>
      <object_component id="oc-942">
         <name>.text:HOSTclose</name>
         <load_address>0x114d8</load_address>
         <run_address>0x114d8</run_address>
         <size>0x4e</size>
         <input_file_ref idref="fl-73"/>
      </object_component>
      <object_component id="oc-6d7">
         <name>.text:exit</name>
         <load_address>0x11526</load_address>
         <run_address>0x11526</run_address>
         <size>0x4a</size>
         <input_file_ref idref="fl-64"/>
      </object_component>
      <object_component id="oc-88c">
         <name>.text:_pproc_str</name>
         <load_address>0x11570</load_address>
         <run_address>0x11570</run_address>
         <size>0x48</size>
         <input_file_ref idref="fl-69"/>
      </object_component>
      <object_component id="oc-79d">
         <name>.text:BLE1SPISendByte</name>
         <load_address>0x115b8</load_address>
         <run_address>0x115b8</run_address>
         <size>0x46</size>
         <input_file_ref idref="fl-2"/>
      </object_component>
      <object_component id="oc-95a">
         <name>.text:HOSTunlink</name>
         <load_address>0x115fe</load_address>
         <run_address>0x115fe</run_address>
         <size>0x46</size>
         <input_file_ref idref="fl-73"/>
      </object_component>
      <object_component id="oc-82c">
         <name>.text:minit</name>
         <load_address>0x11644</load_address>
         <run_address>0x11644</run_address>
         <size>0x42</size>
         <input_file_ref idref="fl-70"/>
      </object_component>
      <object_component id="oc-98d">
         <name>.text:l_asr_const</name>
         <load_address>0x11686</load_address>
         <run_address>0x11686</run_address>
         <size>0x3e</size>
         <input_file_ref idref="fl-77"/>
      </object_component>
      <object_component id="oc-992">
         <name>.text:l_lsl_const</name>
         <load_address>0x116c4</load_address>
         <run_address>0x116c4</run_address>
         <size>0x3e</size>
         <input_file_ref idref="fl-76"/>
      </object_component>
      <object_component id="oc-8fe">
         <name>.text:lseek</name>
         <load_address>0x11702</load_address>
         <run_address>0x11702</run_address>
         <size>0x3e</size>
         <input_file_ref idref="fl-72"/>
      </object_component>
      <object_component id="oc-8b2">
         <name>.text:write</name>
         <load_address>0x11740</load_address>
         <run_address>0x11740</run_address>
         <size>0x3c</size>
         <input_file_ref idref="fl-72"/>
      </object_component>
      <object_component id="oc-906">
         <name>.text:__TI_cleanup</name>
         <load_address>0x1177c</load_address>
         <run_address>0x1177c</run_address>
         <size>0x36</size>
         <input_file_ref idref="fl-7d"/>
      </object_component>
      <object_component id="oc-97c">
         <name>.text:__TI_writemsg</name>
         <load_address>0x117b2</load_address>
         <run_address>0x117b2</run_address>
         <size>0x36</size>
         <input_file_ref idref="fl-74"/>
      </object_component>
      <object_component id="oc-982">
         <name>.text:__TI_readmsg</name>
         <load_address>0x117e8</load_address>
         <run_address>0x117e8</run_address>
         <size>0x32</size>
         <input_file_ref idref="fl-74"/>
      </object_component>
      <object_component id="oc-9be">
         <name>.text:strncpy</name>
         <load_address>0x1181a</load_address>
         <run_address>0x1181a</run_address>
         <size>0x32</size>
         <input_file_ref idref="fl-84"/>
      </object_component>
      <object_component id="oc-96f">
         <name>.text:unlink</name>
         <load_address>0x1184c</load_address>
         <run_address>0x1184c</run_address>
         <size>0x30</size>
         <input_file_ref idref="fl-72"/>
      </object_component>
      <object_component id="oc-9c4">
         <name>.text:finddevice</name>
         <load_address>0x1187c</load_address>
         <run_address>0x1187c</run_address>
         <size>0x2e</size>
         <input_file_ref idref="fl-72"/>
      </object_component>
      <object_component id="oc-751">
         <name>.text:timeDelay</name>
         <load_address>0x118aa</load_address>
         <run_address>0x118aa</run_address>
         <size>0x2e</size>
         <input_file_ref idref="fl-4"/>
      </object_component>
      <object_component id="oc-7a3">
         <name>.text:BLE1SPIReceiveByte</name>
         <load_address>0x118d8</load_address>
         <run_address>0x118d8</run_address>
         <size>0x2c</size>
         <input_file_ref idref="fl-2"/>
      </object_component>
      <object_component id="oc-6de">
         <name>.text:__mpu_init</name>
         <load_address>0x11904</load_address>
         <run_address>0x11904</run_address>
         <size>0x28</size>
         <input_file_ref idref="fl-60"/>
      </object_component>
      <object_component id="oc-8c5">
         <name>.text:memccpy</name>
         <load_address>0x1192c</load_address>
         <run_address>0x1192c</run_address>
         <size>0x1e</size>
         <input_file_ref idref="fl-78"/>
      </object_component>
      <object_component id="oc-73f">
         <name>.text:InitializeBLE1SPI</name>
         <load_address>0x1194a</load_address>
         <run_address>0x1194a</run_address>
         <size>0x1c</size>
         <input_file_ref idref="fl-2"/>
      </object_component>
      <object_component id="oc-9b8">
         <name>.text:strchr</name>
         <load_address>0x11966</load_address>
         <run_address>0x11966</run_address>
         <size>0x1c</size>
         <input_file_ref idref="fl-80"/>
      </object_component>
      <object_component id="oc-9d5">
         <name>.text:strcmp</name>
         <load_address>0x11982</load_address>
         <run_address>0x11982</run_address>
         <size>0x1c</size>
         <input_file_ref idref="fl-81"/>
      </object_component>
      <object_component id="oc-745">
         <name>.text:InitializeLEDSPI</name>
         <load_address>0x1199e</load_address>
         <run_address>0x1199e</run_address>
         <size>0x1a</size>
         <input_file_ref idref="fl-3"/>
      </object_component>
      <object_component id="oc-76a">
         <name>.text</name>
         <load_address>0x119b8</load_address>
         <run_address>0x119b8</run_address>
         <size>0x18</size>
         <input_file_ref idref="fl-54"/>
      </object_component>
      <object_component id="oc-8a6">
         <name>.text:memchr</name>
         <load_address>0x119d0</load_address>
         <run_address>0x119d0</run_address>
         <size>0x16</size>
         <input_file_ref idref="fl-79"/>
      </object_component>
      <object_component id="oc-805">
         <name>.text:memset</name>
         <load_address>0x119e6</load_address>
         <run_address>0x119e6</run_address>
         <size>0x16</size>
         <input_file_ref idref="fl-7b"/>
      </object_component>
      <object_component id="oc-8f1">
         <name>.text</name>
         <load_address>0x119fc</load_address>
         <run_address>0x119fc</run_address>
         <size>0x16</size>
         <input_file_ref idref="fl-6a"/>
      </object_component>
      <object_component id="oc-69f">
         <name>.text:memcpy</name>
         <load_address>0x11a12</load_address>
         <run_address>0x11a12</run_address>
         <size>0x14</size>
         <input_file_ref idref="fl-7a"/>
      </object_component>
      <object_component id="oc-81">
         <name>.text:decompress:none:__TI_decompress_none</name>
         <load_address>0x11a26</load_address>
         <run_address>0x11a26</run_address>
         <size>0x12</size>
         <input_file_ref idref="fl-2b"/>
      </object_component>
      <object_component id="oc-999">
         <name>.text:strcpy</name>
         <load_address>0x11a38</load_address>
         <run_address>0x11a38</run_address>
         <size>0x12</size>
         <input_file_ref idref="fl-82"/>
      </object_component>
      <object_component id="oc-880">
         <name>.text:strlen</name>
         <load_address>0x11a4a</load_address>
         <run_address>0x11a4a</run_address>
         <size>0xe</size>
         <input_file_ref idref="fl-83"/>
      </object_component>
      <object_component id="oc-74b">
         <name>.text:ConfigureClockModule</name>
         <load_address>0x11a58</load_address>
         <run_address>0x11a58</run_address>
         <size>0xa</size>
         <input_file_ref idref="fl-4"/>
      </object_component>
      <object_component id="oc-7d5">
         <name>.text</name>
         <load_address>0x11a62</load_address>
         <run_address>0x11a62</run_address>
         <size>0xa</size>
         <input_file_ref idref="fl-59"/>
      </object_component>
      <object_component id="oc-856">
         <name>.text:_outc</name>
         <load_address>0x11a6c</load_address>
         <run_address>0x11a6c</run_address>
         <size>0x6</size>
         <input_file_ref idref="fl-68"/>
      </object_component>
      <object_component id="oc-6ed">
         <name>.text:abort</name>
         <load_address>0x11a72</load_address>
         <run_address>0x11a72</run_address>
         <size>0x6</size>
         <input_file_ref idref="fl-64"/>
      </object_component>
      <object_component id="oc-87">
         <name>.text:decompress:rle24:__TI_decompress_rle24</name>
         <load_address>0x11a78</load_address>
         <run_address>0x11a78</run_address>
         <size>0x6</size>
         <input_file_ref idref="fl-2c"/>
      </object_component>
      <object_component id="oc-7dd">
         <name>.text:__abort_execution</name>
         <load_address>0x11a7e</load_address>
         <run_address>0x11a7e</run_address>
         <size>0x4</size>
         <input_file_ref idref="fl-5b"/>
      </object_component>
      <object_component id="oc-850">
         <name>.text:_outs</name>
         <load_address>0x11a82</load_address>
         <run_address>0x11a82</run_address>
         <size>0x4</size>
         <input_file_ref idref="fl-68"/>
      </object_component>
      <object_component id="oc-6c5">
         <name>.text:_system_pre_init</name>
         <load_address>0x11a86</load_address>
         <run_address>0x11a86</run_address>
         <size>0x4</size>
         <input_file_ref idref="fl-63"/>
      </object_component>
      <object_component id="oc-787">
         <name>.text:_nop</name>
         <load_address>0x11a8a</load_address>
         <run_address>0x11a8a</run_address>
         <size>0x2</size>
         <input_file_ref idref="fl-66"/>
      </object_component>
      <object_component id="oc-71e">
         <name>.text:_system_post_cinit</name>
         <load_address>0x11a8c</load_address>
         <run_address>0x11a8c</run_address>
         <size>0x2</size>
         <input_file_ref idref="fl-62"/>
      </object_component>
      <object_component id="oc-7e3">
         <name>.bss</name>
         <uninitialized>true</uninitialized>
         <run_address>0x1e64</run_address>
         <size>0x4</size>
         <input_file_ref idref="fl-5a"/>
      </object_component>
      <object_component id="oc-7e6">
         <name>.bss:pool$1</name>
         <uninitialized>true</uninitialized>
         <run_address>0x1e32</run_address>
         <size>0x12</size>
         <input_file_ref idref="fl-5a"/>
      </object_component>
      <object_component id="oc-832">
         <name>.bss</name>
         <uninitialized>true</uninitialized>
         <run_address>0x1e52</run_address>
         <size>0xa</size>
         <input_file_ref idref="fl-70"/>
      </object_component>
      <object_component id="oc-979">
         <name>.bss:parmbuf</name>
         <uninitialized>true</uninitialized>
         <run_address>0x1e5c</run_address>
         <size>0x8</size>
         <input_file_ref idref="fl-73"/>
      </object_component>
      <object_component id="oc-80b">
         <name>.common:alarmTimes</name>
         <uninitialized>true</uninitialized>
         <run_address>0x1e44</run_address>
         <size>0xe</size>
      </object_component>
      <object_component id="oc-96e">
         <name>.common:__TI_tmpnams</name>
         <uninitialized>true</uninitialized>
         <run_address>0x1d92</run_address>
         <size>0xa0</size>
      </object_component>
      <object_component id="oc-814">
         <name>.data:_ftable</name>
         <load_address>0x1c00</load_address>
         <run_address>0x1c00</run_address>
         <size>0xc8</size>
         <input_file_ref idref="fl-61"/>
      </object_component>
      <object_component id="oc-936">
         <name>.data</name>
         <load_address>0x1d8c</load_address>
         <run_address>0x1d8c</run_address>
         <size>0x2</size>
         <input_file_ref idref="fl-61"/>
      </object_component>
      <object_component id="oc-72d">
         <name>.data</name>
         <load_address>0x1d8e</load_address>
         <run_address>0x1d8e</run_address>
         <size>0x2</size>
         <input_file_ref idref="fl-64"/>
      </object_component>
      <object_component id="oc-736">
         <name>.data:__TI_cleanup_ptr</name>
         <load_address>0x1d7c</load_address>
         <run_address>0x1d7c</run_address>
         <size>0x4</size>
         <input_file_ref idref="fl-65"/>
      </object_component>
      <object_component id="oc-733">
         <name>.data:__TI_dtors_ptr</name>
         <load_address>0x1d80</load_address>
         <run_address>0x1d80</run_address>
         <size>0x4</size>
         <input_file_ref idref="fl-65"/>
      </object_component>
      <object_component id="oc-730">
         <name>.data:_lock</name>
         <load_address>0x1d84</load_address>
         <run_address>0x1d84</run_address>
         <size>0x4</size>
         <input_file_ref idref="fl-66"/>
      </object_component>
      <object_component id="oc-739">
         <name>.data:_unlock</name>
         <load_address>0x1d88</load_address>
         <run_address>0x1d88</run_address>
         <size>0x4</size>
         <input_file_ref idref="fl-66"/>
      </object_component>
      <object_component id="oc-829">
         <name>.data</name>
         <load_address>0x1d90</load_address>
         <run_address>0x1d90</run_address>
         <size>0x2</size>
         <input_file_ref idref="fl-70"/>
      </object_component>
      <object_component id="oc-919">
         <name>.data:_device</name>
         <load_address>0x1cc8</load_address>
         <run_address>0x1cc8</run_address>
         <size>0x78</size>
         <input_file_ref idref="fl-72"/>
      </object_component>
      <object_component id="oc-8e6">
         <name>.data:_stream</name>
         <load_address>0x1d40</load_address>
         <run_address>0x1d40</run_address>
         <size>0x3c</size>
         <input_file_ref idref="fl-72"/>
      </object_component>
      <object_component id="oc-698">
         <name>.stack</name>
         <uninitialized>true</uninitialized>
         <run_address>0x2b60</run_address>
         <size>0x4</size>
         <input_file_ref idref="fl-5c"/>
      </object_component>
      <object_component id="oc-a4f">
         <name>.stack</name>
         <uninitialized>true</uninitialized>
         <run_address>0x2b60</run_address>
         <size>0x0</size>
      </object_component>
      <object_component id="oc-8d">
         <name>.int19</name>
         <load_address>0xffb6</load_address>
         <run_address>0xffb6</run_address>
         <size>0x2</size>
         <input_file_ref idref="fl-2d"/>
      </object_component>
      <object_component id="oc-8e">
         <name>.int20</name>
         <load_address>0xffb8</load_address>
         <run_address>0xffb8</run_address>
         <size>0x2</size>
         <input_file_ref idref="fl-2f"/>
      </object_component>
      <object_component id="oc-8f">
         <name>.int21</name>
         <load_address>0xffba</load_address>
         <run_address>0xffba</run_address>
         <size>0x2</size>
         <input_file_ref idref="fl-30"/>
      </object_component>
      <object_component id="oc-90">
         <name>.int22</name>
         <load_address>0xffbc</load_address>
         <run_address>0xffbc</run_address>
         <size>0x2</size>
         <input_file_ref idref="fl-31"/>
      </object_component>
      <object_component id="oc-91">
         <name>.int23</name>
         <load_address>0xffbe</load_address>
         <run_address>0xffbe</run_address>
         <size>0x2</size>
         <input_file_ref idref="fl-32"/>
      </object_component>
      <object_component id="oc-92">
         <name>.int24</name>
         <load_address>0xffc0</load_address>
         <run_address>0xffc0</run_address>
         <size>0x2</size>
         <input_file_ref idref="fl-33"/>
      </object_component>
      <object_component id="oc-93">
         <name>.int25</name>
         <load_address>0xffc2</load_address>
         <run_address>0xffc2</run_address>
         <size>0x2</size>
         <input_file_ref idref="fl-34"/>
      </object_component>
      <object_component id="oc-94">
         <name>.int26</name>
         <load_address>0xffc4</load_address>
         <run_address>0xffc4</run_address>
         <size>0x2</size>
         <input_file_ref idref="fl-35"/>
      </object_component>
      <object_component id="oc-95">
         <name>.int27</name>
         <load_address>0xffc6</load_address>
         <run_address>0xffc6</run_address>
         <size>0x2</size>
         <input_file_ref idref="fl-36"/>
      </object_component>
      <object_component id="oc-96">
         <name>.int28</name>
         <load_address>0xffc8</load_address>
         <run_address>0xffc8</run_address>
         <size>0x2</size>
         <input_file_ref idref="fl-37"/>
      </object_component>
      <object_component id="oc-97">
         <name>.int29</name>
         <load_address>0xffca</load_address>
         <run_address>0xffca</run_address>
         <size>0x2</size>
         <input_file_ref idref="fl-38"/>
      </object_component>
      <object_component id="oc-98">
         <name>.int30</name>
         <load_address>0xffcc</load_address>
         <run_address>0xffcc</run_address>
         <size>0x2</size>
         <input_file_ref idref="fl-39"/>
      </object_component>
      <object_component id="oc-99">
         <name>.int31</name>
         <load_address>0xffce</load_address>
         <run_address>0xffce</run_address>
         <size>0x2</size>
         <input_file_ref idref="fl-3a"/>
      </object_component>
      <object_component id="oc-9a">
         <name>.int32</name>
         <load_address>0xffd0</load_address>
         <run_address>0xffd0</run_address>
         <size>0x2</size>
         <input_file_ref idref="fl-3b"/>
      </object_component>
      <object_component id="oc-9b">
         <name>.int33</name>
         <load_address>0xffd2</load_address>
         <run_address>0xffd2</run_address>
         <size>0x2</size>
         <input_file_ref idref="fl-3c"/>
      </object_component>
      <object_component id="oc-9c">
         <name>.int34</name>
         <load_address>0xffd4</load_address>
         <run_address>0xffd4</run_address>
         <size>0x2</size>
         <input_file_ref idref="fl-3d"/>
      </object_component>
      <object_component id="oc-9d">
         <name>.int35</name>
         <load_address>0xffd6</load_address>
         <run_address>0xffd6</run_address>
         <size>0x2</size>
         <input_file_ref idref="fl-3e"/>
      </object_component>
      <object_component id="oc-9e">
         <name>.int36</name>
         <load_address>0xffd8</load_address>
         <run_address>0xffd8</run_address>
         <size>0x2</size>
         <input_file_ref idref="fl-3f"/>
      </object_component>
      <object_component id="oc-9f">
         <name>.int37</name>
         <load_address>0xffda</load_address>
         <run_address>0xffda</run_address>
         <size>0x2</size>
         <input_file_ref idref="fl-40"/>
      </object_component>
      <object_component id="oc-a0">
         <name>.int38</name>
         <load_address>0xffdc</load_address>
         <run_address>0xffdc</run_address>
         <size>0x2</size>
         <input_file_ref idref="fl-41"/>
      </object_component>
      <object_component id="oc-a1">
         <name>.int39</name>
         <load_address>0xffde</load_address>
         <run_address>0xffde</run_address>
         <size>0x2</size>
         <input_file_ref idref="fl-42"/>
      </object_component>
      <object_component id="oc-a2">
         <name>.int40</name>
         <load_address>0xffe0</load_address>
         <run_address>0xffe0</run_address>
         <size>0x2</size>
         <input_file_ref idref="fl-43"/>
      </object_component>
      <object_component id="oc-a3">
         <name>.int41</name>
         <load_address>0xffe2</load_address>
         <run_address>0xffe2</run_address>
         <size>0x2</size>
         <input_file_ref idref="fl-44"/>
      </object_component>
      <object_component id="oc-a4">
         <name>.int42</name>
         <load_address>0xffe4</load_address>
         <run_address>0xffe4</run_address>
         <size>0x2</size>
         <input_file_ref idref="fl-45"/>
      </object_component>
      <object_component id="oc-a5">
         <name>.int43</name>
         <load_address>0xffe6</load_address>
         <run_address>0xffe6</run_address>
         <size>0x2</size>
         <input_file_ref idref="fl-46"/>
      </object_component>
      <object_component id="oc-a6">
         <name>.int44</name>
         <load_address>0xffe8</load_address>
         <run_address>0xffe8</run_address>
         <size>0x2</size>
         <input_file_ref idref="fl-47"/>
      </object_component>
      <object_component id="oc-a7">
         <name>.int45</name>
         <load_address>0xffea</load_address>
         <run_address>0xffea</run_address>
         <size>0x2</size>
         <input_file_ref idref="fl-48"/>
      </object_component>
      <object_component id="oc-a8">
         <name>.int46</name>
         <load_address>0xffec</load_address>
         <run_address>0xffec</run_address>
         <size>0x2</size>
         <input_file_ref idref="fl-49"/>
      </object_component>
      <object_component id="oc-a9">
         <name>.int47</name>
         <load_address>0xffee</load_address>
         <run_address>0xffee</run_address>
         <size>0x2</size>
         <input_file_ref idref="fl-4a"/>
      </object_component>
      <object_component id="oc-aa">
         <name>.int48</name>
         <load_address>0xfff0</load_address>
         <run_address>0xfff0</run_address>
         <size>0x2</size>
         <input_file_ref idref="fl-4b"/>
      </object_component>
      <object_component id="oc-ab">
         <name>.int49</name>
         <load_address>0xfff2</load_address>
         <run_address>0xfff2</run_address>
         <size>0x2</size>
         <input_file_ref idref="fl-4c"/>
      </object_component>
      <object_component id="oc-ac">
         <name>.int50</name>
         <load_address>0xfff4</load_address>
         <run_address>0xfff4</run_address>
         <size>0x2</size>
         <input_file_ref idref="fl-4d"/>
      </object_component>
      <object_component id="oc-ad">
         <name>.int51</name>
         <load_address>0xfff6</load_address>
         <run_address>0xfff6</run_address>
         <size>0x2</size>
         <input_file_ref idref="fl-4e"/>
      </object_component>
      <object_component id="oc-ae">
         <name>.int52</name>
         <load_address>0xfff8</load_address>
         <run_address>0xfff8</run_address>
         <size>0x2</size>
         <input_file_ref idref="fl-4f"/>
      </object_component>
      <object_component id="oc-af">
         <name>.int53</name>
         <load_address>0xfffa</load_address>
         <run_address>0xfffa</run_address>
         <size>0x2</size>
         <input_file_ref idref="fl-50"/>
      </object_component>
      <object_component id="oc-b0">
         <name>.int54</name>
         <load_address>0xfffc</load_address>
         <run_address>0xfffc</run_address>
         <size>0x2</size>
         <input_file_ref idref="fl-51"/>
      </object_component>
      <object_component id="oc-69b">
         <name>.reset</name>
         <load_address>0xfffe</load_address>
         <run_address>0xfffe</run_address>
         <size>0x2</size>
         <input_file_ref idref="fl-5c"/>
      </object_component>
      <object_component id="oc-7db">
         <name>.debug_info</name>
         <load_address>0x0</load_address>
         <run_address>0x0</run_address>
         <size>0x1a7</size>
         <input_file_ref idref="fl-2"/>
      </object_component>
      <object_component id="oc-740">
         <name>.debug_info</name>
         <load_address>0x1a7</load_address>
         <run_address>0x1a7</run_address>
         <size>0x13b</size>
         <input_file_ref idref="fl-2"/>
      </object_component>
      <object_component id="oc-79e">
         <name>.debug_info</name>
         <load_address>0x2e2</load_address>
         <run_address>0x2e2</run_address>
         <size>0x1a8</size>
         <input_file_ref idref="fl-2"/>
      </object_component>
      <object_component id="oc-7a4">
         <name>.debug_info</name>
         <load_address>0x48a</load_address>
         <run_address>0x48a</run_address>
         <size>0x165</size>
         <input_file_ref idref="fl-2"/>
      </object_component>
      <object_component id="oc-6fb">
         <name>.debug_info</name>
         <load_address>0x5ef</load_address>
         <run_address>0x5ef</run_address>
         <size>0x84</size>
         <input_file_ref idref="fl-2"/>
      </object_component>
      <object_component id="oc-746">
         <name>.debug_info</name>
         <load_address>0x673</load_address>
         <run_address>0x673</run_address>
         <size>0x136</size>
         <input_file_ref idref="fl-3"/>
      </object_component>
      <object_component id="oc-75e">
         <name>.debug_info</name>
         <load_address>0x7a9</load_address>
         <run_address>0x7a9</run_address>
         <size>0x3f4</size>
         <input_file_ref idref="fl-4"/>
      </object_component>
      <object_component id="oc-6e7">
         <name>.debug_info</name>
         <load_address>0xb9d</load_address>
         <run_address>0xb9d</run_address>
         <size>0x1f6</size>
         <input_file_ref idref="fl-4"/>
      </object_component>
      <object_component id="oc-758">
         <name>.debug_info</name>
         <load_address>0xd93</load_address>
         <run_address>0xd93</run_address>
         <size>0x213</size>
         <input_file_ref idref="fl-4"/>
      </object_component>
      <object_component id="oc-7b0">
         <name>.debug_info</name>
         <load_address>0xfa6</load_address>
         <run_address>0xfa6</run_address>
         <size>0x32d</size>
         <input_file_ref idref="fl-4"/>
      </object_component>
      <object_component id="oc-752">
         <name>.debug_info</name>
         <load_address>0x12d3</load_address>
         <run_address>0x12d3</run_address>
         <size>0x197</size>
         <input_file_ref idref="fl-4"/>
      </object_component>
      <object_component id="oc-74c">
         <name>.debug_info</name>
         <load_address>0x146a</load_address>
         <run_address>0x146a</run_address>
         <size>0x135</size>
         <input_file_ref idref="fl-4"/>
      </object_component>
      <object_component id="oc-7be">
         <name>.debug_info</name>
         <load_address>0x159f</load_address>
         <run_address>0x159f</run_address>
         <size>0x69</size>
         <input_file_ref idref="fl-4"/>
      </object_component>
      <object_component id="oc-705">
         <name>.debug_info</name>
         <load_address>0x1608</load_address>
         <run_address>0x1608</run_address>
         <size>0x2c</size>
         <input_file_ref idref="fl-4"/>
      </object_component>
      <object_component id="oc-6ab">
         <name>.debug_info</name>
         <load_address>0x1634</load_address>
         <run_address>0x1634</run_address>
         <size>0x1c7</size>
         <input_file_ref idref="fl-2b"/>
      </object_component>
      <object_component id="oc-85">
         <name>.debug_info</name>
         <load_address>0x17fb</load_address>
         <run_address>0x17fb</run_address>
         <size>0x1c9</size>
         <input_file_ref idref="fl-2b"/>
      </object_component>
      <object_component id="oc-6a6">
         <name>.debug_info</name>
         <load_address>0x19c4</load_address>
         <run_address>0x19c4</run_address>
         <size>0x46</size>
         <input_file_ref idref="fl-2b"/>
      </object_component>
      <object_component id="oc-70c">
         <name>.debug_info</name>
         <load_address>0x1a0a</load_address>
         <run_address>0x1a0a</run_address>
         <size>0x2c</size>
         <input_file_ref idref="fl-2b"/>
      </object_component>
      <object_component id="oc-6b3">
         <name>.debug_info</name>
         <load_address>0x1a36</load_address>
         <run_address>0x1a36</run_address>
         <size>0x184</size>
         <input_file_ref idref="fl-2c"/>
      </object_component>
      <object_component id="oc-6af">
         <name>.debug_info</name>
         <load_address>0x1bba</load_address>
         <run_address>0x1bba</run_address>
         <size>0x23b</size>
         <input_file_ref idref="fl-2c"/>
      </object_component>
      <object_component id="oc-88">
         <name>.debug_info</name>
         <load_address>0x1df5</load_address>
         <run_address>0x1df5</run_address>
         <size>0x1b2</size>
         <input_file_ref idref="fl-2c"/>
      </object_component>
      <object_component id="oc-6b4">
         <name>.debug_info</name>
         <load_address>0x1fa7</load_address>
         <run_address>0x1fa7</run_address>
         <size>0x39</size>
         <input_file_ref idref="fl-2c"/>
      </object_component>
      <object_component id="oc-6ba">
         <name>.debug_info</name>
         <load_address>0x1fe0</load_address>
         <run_address>0x1fe0</run_address>
         <size>0x108</size>
         <input_file_ref idref="fl-2e"/>
      </object_component>
      <object_component id="oc-76c">
         <name>.debug_info</name>
         <load_address>0x20e8</load_address>
         <run_address>0x20e8</run_address>
         <size>0x129</size>
         <input_file_ref idref="fl-54"/>
      </object_component>
      <object_component id="oc-7d7">
         <name>.debug_info</name>
         <load_address>0x2211</load_address>
         <run_address>0x2211</run_address>
         <size>0x119</size>
         <input_file_ref idref="fl-59"/>
      </object_component>
      <object_component id="oc-7fa">
         <name>.debug_info</name>
         <load_address>0x232a</load_address>
         <run_address>0x232a</run_address>
         <size>0x2f5</size>
         <input_file_ref idref="fl-5a"/>
      </object_component>
      <object_component id="oc-7e4">
         <name>.debug_info</name>
         <load_address>0x261f</load_address>
         <run_address>0x261f</run_address>
         <size>0x10a</size>
         <input_file_ref idref="fl-5a"/>
      </object_component>
      <object_component id="oc-7b6">
         <name>.debug_info</name>
         <load_address>0x2729</load_address>
         <run_address>0x2729</run_address>
         <size>0x217</size>
         <input_file_ref idref="fl-5a"/>
      </object_component>
      <object_component id="oc-7f0">
         <name>.debug_info</name>
         <load_address>0x2940</load_address>
         <run_address>0x2940</run_address>
         <size>0x1f3</size>
         <input_file_ref idref="fl-5a"/>
      </object_component>
      <object_component id="oc-7ab">
         <name>.debug_info</name>
         <load_address>0x2b33</load_address>
         <run_address>0x2b33</run_address>
         <size>0x427</size>
         <input_file_ref idref="fl-5a"/>
      </object_component>
      <object_component id="oc-83f">
         <name>.debug_info</name>
         <load_address>0x2f5a</load_address>
         <run_address>0x2f5a</run_address>
         <size>0xcb</size>
         <input_file_ref idref="fl-5a"/>
      </object_component>
      <object_component id="oc-844">
         <name>.debug_info</name>
         <load_address>0x3025</load_address>
         <run_address>0x3025</run_address>
         <size>0x2c</size>
         <input_file_ref idref="fl-5a"/>
      </object_component>
      <object_component id="oc-7fb">
         <name>.debug_info</name>
         <load_address>0x3051</load_address>
         <run_address>0x3051</run_address>
         <size>0x2c</size>
         <input_file_ref idref="fl-5a"/>
      </object_component>
      <object_component id="oc-83a">
         <name>.debug_info</name>
         <load_address>0x307d</load_address>
         <run_address>0x307d</run_address>
         <size>0x2c</size>
         <input_file_ref idref="fl-5a"/>
      </object_component>
      <object_component id="oc-800">
         <name>.debug_info</name>
         <load_address>0x30a9</load_address>
         <run_address>0x30a9</run_address>
         <size>0x148</size>
         <input_file_ref idref="fl-5a"/>
      </object_component>
      <object_component id="oc-822">
         <name>.debug_info</name>
         <load_address>0x31f1</load_address>
         <run_address>0x31f1</run_address>
         <size>0xc1</size>
         <input_file_ref idref="fl-5a"/>
      </object_component>
      <object_component id="oc-7de">
         <name>.debug_info</name>
         <load_address>0x32b2</load_address>
         <run_address>0x32b2</run_address>
         <size>0x164</size>
         <input_file_ref idref="fl-5b"/>
      </object_component>
      <object_component id="oc-699">
         <name>.debug_info</name>
         <load_address>0x3416</load_address>
         <run_address>0x3416</run_address>
         <size>0xf6</size>
         <input_file_ref idref="fl-5c"/>
      </object_component>
      <object_component id="oc-725">
         <name>.debug_info</name>
         <load_address>0x350c</load_address>
         <run_address>0x350c</run_address>
         <size>0x3f6</size>
         <input_file_ref idref="fl-5e"/>
      </object_component>
      <object_component id="oc-6ce">
         <name>.debug_info</name>
         <load_address>0x3902</load_address>
         <run_address>0x3902</run_address>
         <size>0x21f</size>
         <input_file_ref idref="fl-5e"/>
      </object_component>
      <object_component id="oc-774">
         <name>.debug_info</name>
         <load_address>0x3b21</load_address>
         <run_address>0x3b21</run_address>
         <size>0x39</size>
         <input_file_ref idref="fl-5e"/>
      </object_component>
      <object_component id="oc-726">
         <name>.debug_info</name>
         <load_address>0x3b5a</load_address>
         <run_address>0x3b5a</run_address>
         <size>0x2c</size>
         <input_file_ref idref="fl-5e"/>
      </object_component>
      <object_component id="oc-779">
         <name>.debug_info</name>
         <load_address>0x3b86</load_address>
         <run_address>0x3b86</run_address>
         <size>0xcd</size>
         <input_file_ref idref="fl-5e"/>
      </object_component>
      <object_component id="oc-ca">
         <name>.debug_info</name>
         <load_address>0x3c53</load_address>
         <run_address>0x3c53</run_address>
         <size>0x1a1</size>
         <input_file_ref idref="fl-5f"/>
      </object_component>
      <object_component id="oc-6e2">
         <name>.debug_info</name>
         <load_address>0x3df4</load_address>
         <run_address>0x3df4</run_address>
         <size>0x100</size>
         <input_file_ref idref="fl-60"/>
      </object_component>
      <object_component id="oc-84e">
         <name>.debug_info</name>
         <load_address>0x3ef4</load_address>
         <run_address>0x3ef4</run_address>
         <size>0x134</size>
         <input_file_ref idref="fl-61"/>
      </object_component>
      <object_component id="oc-815">
         <name>.debug_info</name>
         <load_address>0x4028</load_address>
         <run_address>0x4028</run_address>
         <size>0xf8</size>
         <input_file_ref idref="fl-61"/>
      </object_component>
      <object_component id="oc-937">
         <name>.debug_info</name>
         <load_address>0x4120</load_address>
         <run_address>0x4120</run_address>
         <size>0x100</size>
         <input_file_ref idref="fl-61"/>
      </object_component>
      <object_component id="oc-86d">
         <name>.debug_info</name>
         <load_address>0x4220</load_address>
         <run_address>0x4220</run_address>
         <size>0xae</size>
         <input_file_ref idref="fl-61"/>
      </object_component>
      <object_component id="oc-720">
         <name>.debug_info</name>
         <load_address>0x42ce</load_address>
         <run_address>0x42ce</run_address>
         <size>0x146</size>
         <input_file_ref idref="fl-62"/>
      </object_component>
      <object_component id="oc-6c6">
         <name>.debug_info</name>
         <load_address>0x4414</load_address>
         <run_address>0x4414</run_address>
         <size>0x149</size>
         <input_file_ref idref="fl-63"/>
      </object_component>
      <object_component id="oc-73d">
         <name>.debug_info</name>
         <load_address>0x455d</load_address>
         <run_address>0x455d</run_address>
         <size>0x25a</size>
         <input_file_ref idref="fl-64"/>
      </object_component>
      <object_component id="oc-72e">
         <name>.debug_info</name>
         <load_address>0x47b7</load_address>
         <run_address>0x47b7</run_address>
         <size>0x128</size>
         <input_file_ref idref="fl-64"/>
      </object_component>
      <object_component id="oc-6ee">
         <name>.debug_info</name>
         <load_address>0x48df</load_address>
         <run_address>0x48df</run_address>
         <size>0x118</size>
         <input_file_ref idref="fl-64"/>
      </object_component>
      <object_component id="oc-6da">
         <name>.debug_info</name>
         <load_address>0x49f7</load_address>
         <run_address>0x49f7</run_address>
         <size>0x18d</size>
         <input_file_ref idref="fl-64"/>
      </object_component>
      <object_component id="oc-792">
         <name>.debug_info</name>
         <load_address>0x4b84</load_address>
         <run_address>0x4b84</run_address>
         <size>0xf9</size>
         <input_file_ref idref="fl-65"/>
      </object_component>
      <object_component id="oc-737">
         <name>.debug_info</name>
         <load_address>0x4c7d</load_address>
         <run_address>0x4c7d</run_address>
         <size>0x110</size>
         <input_file_ref idref="fl-65"/>
      </object_component>
      <object_component id="oc-734">
         <name>.debug_info</name>
         <load_address>0x4d8d</load_address>
         <run_address>0x4d8d</run_address>
         <size>0x10c</size>
         <input_file_ref idref="fl-65"/>
      </object_component>
      <object_component id="oc-78f">
         <name>.debug_info</name>
         <load_address>0x4e99</load_address>
         <run_address>0x4e99</run_address>
         <size>0x15e</size>
         <input_file_ref idref="fl-66"/>
      </object_component>
      <object_component id="oc-731">
         <name>.debug_info</name>
         <load_address>0x4ff7</load_address>
         <run_address>0x4ff7</run_address>
         <size>0xf5</size>
         <input_file_ref idref="fl-66"/>
      </object_component>
      <object_component id="oc-73a">
         <name>.debug_info</name>
         <load_address>0x50ec</load_address>
         <run_address>0x50ec</run_address>
         <size>0xf9</size>
         <input_file_ref idref="fl-66"/>
      </object_component>
      <object_component id="oc-788">
         <name>.debug_info</name>
         <load_address>0x51e5</load_address>
         <run_address>0x51e5</run_address>
         <size>0x124</size>
         <input_file_ref idref="fl-66"/>
      </object_component>
      <object_component id="oc-770">
         <name>.debug_info</name>
         <load_address>0x5309</load_address>
         <run_address>0x5309</run_address>
         <size>0x267</size>
         <input_file_ref idref="fl-67"/>
      </object_component>
      <object_component id="oc-719">
         <name>.debug_info</name>
         <load_address>0x5570</load_address>
         <run_address>0x5570</run_address>
         <size>0x1b1</size>
         <input_file_ref idref="fl-67"/>
      </object_component>
      <object_component id="oc-7cb">
         <name>.debug_info</name>
         <load_address>0x5721</load_address>
         <run_address>0x5721</run_address>
         <size>0x2c</size>
         <input_file_ref idref="fl-67"/>
      </object_component>
      <object_component id="oc-863">
         <name>.debug_info</name>
         <load_address>0x574d</load_address>
         <run_address>0x574d</run_address>
         <size>0x285</size>
         <input_file_ref idref="fl-68"/>
      </object_component>
      <object_component id="oc-857">
         <name>.debug_info</name>
         <load_address>0x59d2</load_address>
         <run_address>0x59d2</run_address>
         <size>0x15b</size>
         <input_file_ref idref="fl-68"/>
      </object_component>
      <object_component id="oc-852">
         <name>.debug_info</name>
         <load_address>0x5b2d</load_address>
         <run_address>0x5b2d</run_address>
         <size>0x15f</size>
         <input_file_ref idref="fl-68"/>
      </object_component>
      <object_component id="oc-819">
         <name>.debug_info</name>
         <load_address>0x5c8c</load_address>
         <run_address>0x5c8c</run_address>
         <size>0x1af</size>
         <input_file_ref idref="fl-68"/>
      </object_component>
      <object_component id="oc-894">
         <name>.debug_info</name>
         <load_address>0x5e3b</load_address>
         <run_address>0x5e3b</run_address>
         <size>0x2c</size>
         <input_file_ref idref="fl-68"/>
      </object_component>
      <object_component id="oc-893">
         <name>.debug_info</name>
         <load_address>0x5e67</load_address>
         <run_address>0x5e67</run_address>
         <size>0x379</size>
         <input_file_ref idref="fl-69"/>
      </object_component>
      <object_component id="oc-8c1">
         <name>.debug_info</name>
         <load_address>0x61e0</load_address>
         <run_address>0x61e0</run_address>
         <size>0x291</size>
         <input_file_ref idref="fl-69"/>
      </object_component>
      <object_component id="oc-888">
         <name>.debug_info</name>
         <load_address>0x6471</load_address>
         <run_address>0x6471</run_address>
         <size>0x285</size>
         <input_file_ref idref="fl-69"/>
      </object_component>
      <object_component id="oc-88e">
         <name>.debug_info</name>
         <load_address>0x66f6</load_address>
         <run_address>0x66f6</run_address>
         <size>0x222</size>
         <input_file_ref idref="fl-69"/>
      </object_component>
      <object_component id="oc-85e">
         <name>.debug_info</name>
         <load_address>0x6918</load_address>
         <run_address>0x6918</run_address>
         <size>0x2a9</size>
         <input_file_ref idref="fl-69"/>
      </object_component>
      <object_component id="oc-899">
         <name>.debug_info</name>
         <load_address>0x6bc1</load_address>
         <run_address>0x6bc1</run_address>
         <size>0x86</size>
         <input_file_ref idref="fl-69"/>
      </object_component>
      <object_component id="oc-8f7">
         <name>.debug_info</name>
         <load_address>0x6c47</load_address>
         <run_address>0x6c47</run_address>
         <size>0x39</size>
         <input_file_ref idref="fl-69"/>
      </object_component>
      <object_component id="oc-8cf">
         <name>.debug_info</name>
         <load_address>0x6c80</load_address>
         <run_address>0x6c80</run_address>
         <size>0x2c</size>
         <input_file_ref idref="fl-69"/>
      </object_component>
      <object_component id="oc-8f2">
         <name>.debug_info</name>
         <load_address>0x6cac</load_address>
         <run_address>0x6cac</run_address>
         <size>0x11a</size>
         <input_file_ref idref="fl-6a"/>
      </object_component>
      <object_component id="oc-8bb">
         <name>.debug_info</name>
         <load_address>0x6dc6</load_address>
         <run_address>0x6dc6</run_address>
         <size>0x260</size>
         <input_file_ref idref="fl-6c"/>
      </object_component>
      <object_component id="oc-87c">
         <name>.debug_info</name>
         <load_address>0x7026</load_address>
         <run_address>0x7026</run_address>
         <size>0x1c6</size>
         <input_file_ref idref="fl-6c"/>
      </object_component>
      <object_component id="oc-8e5">
         <name>.debug_info</name>
         <load_address>0x71ec</load_address>
         <run_address>0x71ec</run_address>
         <size>0x21f</size>
         <input_file_ref idref="fl-6d"/>
      </object_component>
      <object_component id="oc-8ae">
         <name>.debug_info</name>
         <load_address>0x740b</load_address>
         <run_address>0x740b</run_address>
         <size>0x17a</size>
[...]
      <symbol id="sm-6fd">
         <name>__TI_int32</name>
         <value>0xffd0</value>
         <object_component_ref idref="oc-9a"/>
      </symbol>
      <symbol id="sm-700">
         <name>__TI_int33</name>
         <value>0xffd2</value>
         <object_component_ref idref="oc-9b"/>
      </symbol>
      <symbol id="sm-703">
         <name>__TI_int34</name>
         <value>0xffd4</value>
         <object_component_ref idref="oc-9c"/>
      </symbol>
      <symbol id="sm-706">
         <name>__TI_int35</name>
         <value>0xffd6</value>
         <object_component_ref idref="oc-9d"/>
      </symbol>
      <symbol id="sm-709">
         <name>__TI_int36</name>
         <value>0xffd8</value>
         <object_component_ref idref="oc-9e"/>
      </symbol>
      <symbol id="sm-70c">
         <name>__TI_int37</name>
         <value>0xffda</value>
         <object_component_ref idref="oc-9f"/>
      </symbol>
      <symbol id="sm-70f">
         <name>__TI_int38</name>
         <value>0xffdc</value>
         <object_component_ref idref="oc-a0"/>
      </symbol>
      <symbol id="sm-712">
         <name>__TI_int39</name>
         <value>0xffde</value>
         <object_component_ref idref="oc-a1"/>
      </symbol>
      <symbol id="sm-715">
         <name>__TI_int40</name>
         <value>0xffe0</value>
         <object_component_ref idref="oc-a2"/>
      </symbol>
      <symbol id="sm-718">
         <name>__TI_int41</name>
         <value>0xffe2</value>
         <object_component_ref idref="oc-a3"/>
      </symbol>
      <symbol id="sm-71b">
         <name>__TI_int42</name>
         <value>0xffe4</value>
         <object_component_ref idref="oc-a4"/>
      </symbol>
      <symbol id="sm-71e">
         <name>__TI_int43</name>
         <value>0xffe6</value>
         <object_component_ref idref="oc-a5"/>
      </symbol>
      <symbol id="sm-721">
         <name>__TI_int44</name>
         <value>0xffe8</value>
         <object_component_ref idref="oc-a6"/>
      </symbol>
      <symbol id="sm-724">
         <name>__TI_int45</name>
         <value>0xffea</value>
         <object_component_ref idref="oc-a7"/>
      </symbol>
      <symbol id="sm-727">
         <name>__TI_int46</name>
         <value>0xffec</value>
         <object_component_ref idref="oc-a8"/>
      </symbol>
      <symbol id="sm-72a">
         <name>__TI_int47</name>
         <value>0xffee</value>
         <object_component_ref idref="oc-a9"/>
      </symbol>
      <symbol id="sm-72d">
         <name>__TI_int48</name>
         <value>0xfff0</value>
         <object_component_ref idref="oc-aa"/>
      </symbol>
      <symbol id="sm-730">
         <name>__TI_int49</name>
         <value>0xfff2</value>
         <object_component_ref idref="oc-ab"/>
      </symbol>
      <symbol id="sm-733">
         <name>__TI_int50</name>
         <value>0xfff4</value>
         <object_component_ref idref="oc-ac"/>
      </symbol>
      <symbol id="sm-736">
         <name>__TI_int51</name>
         <value>0xfff6</value>
         <object_component_ref idref="oc-ad"/>
      </symbol>
      <symbol id="sm-739">
         <name>__TI_int52</name>
         <value>0xfff8</value>
         <object_component_ref idref="oc-ae"/>
      </symbol>
      <symbol id="sm-73c">
         <name>__TI_int53</name>
         <value>0xfffa</value>
         <object_component_ref idref="oc-af"/>
      </symbol>
      <symbol id="sm-73f">
         <name>__TI_int54</name>
         <value>0xfffc</value>
         <object_component_ref idref="oc-b0"/>
      </symbol>
      <symbol id="sm-749">
         <name>__mspabi_mpyi_f5hw</name>
         <value>0x119b8</value>
         <object_component_ref idref="oc-76a"/>
      </symbol>
      <symbol id="sm-756">
         <name>__mspabi_slli</name>
         <value>0x11a62</value>
         <object_component_ref idref="oc-7d5"/>
      </symbol>
      <symbol id="sm-7c1">
         <name>__vla_dealloc</name>
         <value>0x10a46</value>
         <object_component_ref idref="oc-7b5"/>
      </symbol>
      <symbol id="sm-7c2">
         <name>__vla_alloc</name>
         <value>0x10240</value>
         <object_component_ref idref="oc-7a9"/>
      </symbol>
      <symbol id="sm-7cb">
         <name>__abort_execution</name>
         <value>0x11a7e</value>
         <object_component_ref idref="oc-7dd"/>
      </symbol>
      <symbol id="sm-7d3">
         <name>_stack</name>
         <value>0x2b60</value>
         <object_component_ref idref="oc-698"/>
      </symbol>
      <symbol id="sm-7d4">
         <name>_reset_vector</name>
         <value>0xfffe</value>
         <object_component_ref idref="oc-69b"/>
      </symbol>
      <symbol id="sm-7f7">
         <name>_auto_init_hold_wdt</name>
         <value>0x10e40</value>
         <object_component_ref idref="oc-6cb"/>
      </symbol>
      <symbol id="sm-801">
         <name>_c_int00_noargs_mpu</name>
         <value>0x4400</value>
         <object_component_ref idref="oc-c9"/>
      </symbol>
      <symbol id="sm-80a">
         <name>__mpu_init</name>
         <value>0x11904</value>
         <object_component_ref idref="oc-6de"/>
      </symbol>
      <symbol id="sm-81f">
         <name>__TI_tmpnams</name>
         <value>0x1d92</value>
      </symbol>
      <symbol id="sm-820">
         <name>_ftable</name>
         <value>0x1c00</value>
         <object_component_ref idref="oc-814"/>
      </symbol>
      <symbol id="sm-821">
         <name>__TI_ft_end</name>
         <value>0x1d8c</value>
         <object_component_ref idref="oc-936"/>
      </symbol>
      <symbol id="sm-82a">
         <name>_system_post_cinit</name>
         <value>0x11a8c</value>
         <object_component_ref idref="oc-71e"/>
      </symbol>
      <symbol id="sm-833">
         <name>_system_pre_init</name>
         <value>0x11a86</value>
         <object_component_ref idref="oc-6c5"/>
      </symbol>
      <symbol id="sm-850">
         <name>C$$EXIT</name>
         <value>0x11a72</value>
         <object_component_ref idref="oc-6ed"/>
      </symbol>
      <symbol id="sm-851">
         <name>abort</name>
         <value>0x11a72</value>
         <object_component_ref idref="oc-6ed"/>
      </symbol>
      <symbol id="sm-852">
         <name>exit</name>
         <value>0x11526</value>
         <object_component_ref idref="oc-6d7"/>
      </symbol>
      <symbol id="sm-853">
         <name>__TI_enable_exit_profile_output</name>
         <value>0x1d8e</value>
         <object_component_ref idref="oc-72d"/>
      </symbol>
      <symbol id="sm-862">
         <name>__TI_dtors_ptr</name>
         <value>0x1d80</value>
         <object_component_ref idref="oc-733"/>
      </symbol>
      <symbol id="sm-863">
         <name>__TI_cleanup_ptr</name>
         <value>0x1d7c</value>
         <object_component_ref idref="oc-736"/>
      </symbol>
      <symbol id="sm-879">
         <name>_nop</name>
         <value>0x11a8a</value>
         <object_component_ref idref="oc-787"/>
      </symbol>
      <symbol id="sm-87a">
         <name>_lock</name>
         <value>0x1d84</value>
         <object_component_ref idref="oc-730"/>
      </symbol>
      <symbol id="sm-87b">
         <name>_unlock</name>
         <value>0x1d88</value>
         <object_component_ref idref="oc-739"/>
      </symbol>
      <symbol id="sm-891">
         <name>copy_in</name>
         <value>0x112ae</value>
         <object_component_ref idref="oc-718"/>
      </symbol>
      <symbol id="sm-8b4">
         <name>fprintf</name>
         <value>0x11488</value>
         <object_component_ref idref="oc-817"/>
      </symbol>
      <symbol id="sm-90b">
         <name>__TI_printfi_minimal</name>
         <value>0x10974</value>
         <object_component_ref idref="oc-85c"/>
      </symbol>
      <symbol id="sm-915">
         <name>__mspabi_remu</name>
         <value>0x119fc</value>
         <object_component_ref idref="oc-8f1"/>
      </symbol>
      <symbol id="sm-916">
         <name>__mspabi_divu</name>
         <value>0x119fc</value>
         <object_component_ref idref="oc-8f1"/>
      </symbol>
      <symbol id="sm-92a">
         <name>putc</name>
         <value>0x10d22</value>
         <object_component_ref idref="oc-879"/>
      </symbol>
      <symbol id="sm-92b">
         <name>fputc</name>
         <value>0x10d22</value>
         <object_component_ref idref="oc-879"/>
      </symbol>
      <symbol id="sm-93c">
         <name>__TI_doflush</name>
         <value>0x11314</value>
         <object_component_ref idref="oc-8ac"/>
      </symbol>
      <symbol id="sm-954">
         <name>__TI_wrt_ok</name>
         <value>0x10ec2</value>
         <object_component_ref idref="oc-8a0"/>
      </symbol>
      <symbol id="sm-96c">
         <name>fputs</name>
         <value>0x106cc</value>
         <object_component_ref idref="oc-872"/>
      </symbol>
      <symbol id="sm-9d6">
         <name>_sys_memory</name>
         <value>0x4120</value>
         <object_component_ref idref="oc-69c"/>
      </symbol>
      <symbol id="sm-9d7">
         <name>free</name>
         <value>0x10db2</value>
         <object_component_ref idref="oc-80d"/>
      </symbol>
      <symbol id="sm-9d8">
         <name>realloc</name>
         <value>0x10456</value>
         <object_component_ref idref="oc-7f3"/>
      </symbol>
      <symbol id="sm-9d9">
         <name>malloc</name>
         <value>0x10b0c</value>
         <object_component_ref idref="oc-7e7"/>
      </symbol>
      <symbol id="sm-9da">
         <name>minit</name>
         <value>0x11644</value>
         <object_component_ref idref="oc-82c"/>
      </symbol>
      <symbol id="sm-9ef">
         <name>fseek</name>
         <value>0x111dc</value>
         <object_component_ref idref="oc-8d4"/>
      </symbol>
      <symbol id="sm-a42">
         <name>lseek</name>
         <value>0x11702</value>
         <object_component_ref idref="oc-8fe"/>
      </symbol>
      <symbol id="sm-a43">
         <name>write</name>
         <value>0x11740</value>
         <object_component_ref idref="oc-8b2"/>
      </symbol>
      <symbol id="sm-a44">
         <name>close</name>
         <value>0x113d4</value>
         <object_component_ref idref="oc-968"/>
      </symbol>
      <symbol id="sm-a45">
         <name>unlink</name>
         <value>0x1184c</value>
         <object_component_ref idref="oc-96f"/>
      </symbol>
      <symbol id="sm-a84">
         <name>HOSTrename</name>
         <value>0x10f40</value>
         <object_component_ref idref="oc-960"/>
      </symbol>
      <symbol id="sm-a85">
         <name>HOSTclose</name>
         <value>0x114d8</value>
         <object_component_ref idref="oc-942"/>
      </symbol>
      <symbol id="sm-a86">
         <name>HOSTunlink</name>
         <value>0x115fe</value>
         <object_component_ref idref="oc-95a"/>
      </symbol>
      <symbol id="sm-a87">
         <name>HOSTlseek</name>
         <value>0x10bc6</value>
         <object_component_ref idref="oc-954"/>
      </symbol>
      <symbol id="sm-a88">
         <name>HOSTopen</name>
         <value>0x11026</value>
         <object_component_ref idref="oc-93c"/>
      </symbol>
      <symbol id="sm-a89">
         <name>HOSTwrite</name>
         <value>0x11106</value>
         <object_component_ref idref="oc-94e"/>
      </symbol>
      <symbol id="sm-a8a">
         <name>HOSTread</name>
         <value>0x11172</value>
         <object_component_ref idref="oc-948"/>
      </symbol>
      <symbol id="sm-aa8">
         <name>__TI_readmsg</name>
         <value>0x117e8</value>
         <object_component_ref idref="oc-982"/>
      </symbol>
      <symbol id="sm-aa9">
         <name>C$$IO$$</name>
         <value>0x117e4</value>
         <object_component_ref idref="oc-97c"/>
      </symbol>
      <symbol id="sm-aaa">
         <name>_CIOBUF_</name>
         <value>0x4000</value>
         <object_component_ref idref="oc-9ac"/>
      </symbol>
      <symbol id="sm-aab">
         <name>__TI_writemsg</name>
         <value>0x117b2</value>
         <object_component_ref idref="oc-97c"/>
      </symbol>
      <symbol id="sm-ab4">
         <name>__mspabi_slll_9</name>
         <value>0x116dc</value>
         <object_component_ref idref="oc-992"/>
      </symbol>
      <symbol id="sm-ab5">
         <name>__mspabi_slll_8</name>
         <value>0x116e0</value>
         <object_component_ref idref="oc-992"/>
      </symbol>
      <symbol id="sm-ab6">
         <name>__mspabi_slll_7</name>
         <value>0x116e4</value>
         <object_component_ref idref="oc-992"/>
      </symbol>
      <symbol id="sm-ab7">
         <name>__mspabi_slll_6</name>
         <value>0x116e8</value>
         <object_component_ref idref="oc-992"/>
      </symbol>
      <symbol id="sm-ab8">
         <name>__mspabi_slll_5</name>
         <value>0x116ec</value>
         <object_component_ref idref="oc-992"/>
      </symbol>
      <symbol id="sm-ab9">
         <name>__mspabi_slll_4</name>
         <value>0x116f0</value>
         <object_component_ref idref="oc-992"/>
      </symbol>
      <symbol id="sm-aba">
         <name>__mspabi_slll_3</name>
         <value>0x116f4</value>
         <object_component_ref idref="oc-992"/>
      </symbol>
      <symbol id="sm-abb">
         <name>__mspabi_slll_2</name>
         <value>0x116f8</value>
         <object_component_ref idref="oc-992"/>
      </symbol>
      <symbol id="sm-abc">
         <name>__mspabi_slll_1</name>
         <value>0x116fc</value>
         <object_component_ref idref="oc-992"/>
      </symbol>
      <symbol id="sm-abd">
         <name>__mspabi_slll_15</name>
         <value>0x116c4</value>
         <object_component_ref idref="oc-992"/>
      </symbol>
      <symbol id="sm-abe">
         <name>__mspabi_slll_14</name>
         <value>0x116c8</value>
         <object_component_ref idref="oc-992"/>
      </symbol>
      <symbol id="sm-abf">
         <name>__mspabi_slll_13</name>
         <value>0x116cc</value>
         <object_component_ref idref="oc-992"/>
      </symbol>
      <symbol id="sm-ac0">
         <name>__mspabi_slll_12</name>
         <value>0x116d0</value>
         <object_component_ref idref="oc-992"/>
      </symbol>
      <symbol id="sm-ac1">
         <name>__mspabi_slll_11</name>
         <value>0x116d4</value>
         <object_component_ref idref="oc-992"/>
      </symbol>
      <symbol id="sm-ac2">
         <name>__mspabi_slll_10</name>
         <value>0x116d8</value>
         <object_component_ref idref="oc-992"/>
      </symbol>
      <symbol id="sm-aca">
         <name>__mspabi_sral_15</name>
         <value>0x11686</value>
         <object_component_ref idref="oc-98d"/>
      </symbol>
      <symbol id="sm-acb">
         <name>__mspabi_sral_14</name>
         <value>0x1168a</value>
         <object_component_ref idref="oc-98d"/>
      </symbol>
      <symbol id="sm-acc">
         <name>__mspabi_sral_13</name>
         <value>0x1168e</value>
         <object_component_ref idref="oc-98d"/>
      </symbol>
      <symbol id="sm-acd">
         <name>__mspabi_sral_12</name>
         <value>0x11692</value>
         <object_component_ref idref="oc-98d"/>
      </symbol>
      <symbol id="sm-ace">
         <name>__mspabi_sral_11</name>
         <value>0x11696</value>
         <object_component_ref idref="oc-98d"/>
      </symbol>
      <symbol id="sm-acf">
         <name>__mspabi_sral_10</name>
         <value>0x1169a</value>
         <object_component_ref idref="oc-98d"/>
      </symbol>
      <symbol id="sm-ad0">
         <name>__mspabi_sral_8</name>
         <value>0x116a2</value>
         <object_component_ref idref="oc-98d"/>
      </symbol>
      <symbol id="sm-ad1">
         <name>__mspabi_sral_9</name>
         <value>0x1169e</value>
         <object_component_ref idref="oc-98d"/>
      </symbol>
      <symbol id="sm-ad2">
         <name>__mspabi_sral_6</name>
         <value>0x116aa</value>
         <object_component_ref idref="oc-98d"/>
      </symbol>
      <symbol id="sm-ad3">
         <name>__mspabi_sral_7</name>
         <value>0x116a6</value>
         <object_component_ref idref="oc-98d"/>
      </symbol>
      <symbol id="sm-ad4">
         <name>__mspabi_sral_4</name>
         <value>0x116b2</value>
         <object_component_ref idref="oc-98d"/>
      </symbol>
      <symbol id="sm-ad5">
         <name>__mspabi_sral_5</name>
         <value>0x116ae</value>
         <object_component_ref idref="oc-98d"/>
      </symbol>
      <symbol id="sm-ad6">
         <name>__mspabi_sral_2</name>
         <value>0x116ba</value>
         <object_component_ref idref="oc-98d"/>
      </symbol>
      <symbol id="sm-ad7">
         <name>__mspabi_sral_3</name>
         <value>0x116b6</value>
         <object_component_ref idref="oc-98d"/>
      </symbol>
      <symbol id="sm-ad8">
         <name>__mspabi_sral_1</name>
         <value>0x116be</value>
         <object_component_ref idref="oc-98d"/>
      </symbol>
      <symbol id="sm-ae7">
         <name>memccpy</name>
         <value>0x1192c</value>
         <object_component_ref idref="oc-8c5"/>
      </symbol>
      <symbol id="sm-af6">
         <name>memchr</name>
         <value>0x119d0</value>
         <object_component_ref idref="oc-8a6"/>
      </symbol>
      <symbol id="sm-b04">
         <name>memcpy</name>
         <value>0x11a12</value>
         <object_component_ref idref="oc-69f"/>
      </symbol>
      <symbol id="sm-b12">
         <name>memset</name>
         <value>0x119e6</value>
         <object_component_ref idref="oc-805"/>
      </symbol>
      <symbol id="sm-b2a">
         <name>setvbuf</name>
         <value>0x107bc</value>
         <object_component_ref idref="oc-8da"/>
      </symbol>
      <symbol id="sm-b36">
         <name>__TI_cleanup</name>
         <value>0x1177c</value>
         <object_component_ref idref="oc-906"/>
      </symbol>
      <symbol id="sm-b47">
         <name>__TI_closefile</name>
         <value>0x11096</value>
         <object_component_ref idref="oc-930"/>
      </symbol>
      <symbol id="sm-b57">
         <name>strchr</name>
         <value>0x11966</value>
         <object_component_ref idref="oc-9b8"/>
      </symbol>
      <symbol id="sm-b65">
         <name>strcmp</name>
         <value>0x11982</value>
         <object_component_ref idref="oc-9d5"/>
      </symbol>
      <symbol id="sm-b72">
         <name>strcpy</name>
         <value>0x11a38</value>
         <object_component_ref idref="oc-999"/>
      </symbol>
      <symbol id="sm-b7f">
         <name>strlen</name>
         <value>0x11a4a</value>
         <object_component_ref idref="oc-880"/>
      </symbol>
      <symbol id="sm-b8f">
         <name>strncpy</name>
         <value>0x1181a</value>
         <object_component_ref idref="oc-9be"/>
      </symbol>
      <symbol id="sm-b94">
         <name>__TI_BINIT_Base</name>
         <value>0x0</value>
      </symbol>
      <symbol id="sm-b95">
         <name>__TI_BINIT_Limit</name>
         <value>0x0</value>
      </symbol>
      <symbol id="sm-b96">
         <name>__TI_INITARRAY_Base</name>
         <value>0x0</value>
      </symbol>
      <symbol id="sm-b97">
         <name>__TI_INITARRAY_Limit</name>
         <value>0x0</value>
      </symbol>
      <symbol id="sm-b98">
         <name>remove</name>
         <value>0x1184c</value>
      </symbol>
   </symbol_table>
   <title>Link successful</title>
</link_info>
